
> samar-design-pro@0.1.0 build
> next build

   Γû▓ Next.js 15.5.9
   - Environments: .env.local

   Creating an optimized production build ...
 Γ£ô Compiled successfully in 19.7s
   Skipping validation of types
   Skipping linting
   Collecting page data ...
   Generating static pages (0/28) ...
node.exe : Error occurred prerendering page 
"/blog/2". Read more: 
https://nextjs.org/docs/messages/prerender-error
At line:1 char:1
+ & "C:\Program Files\nodejs/node.exe" "C:\Program 
Files\nodejs/node_mo ...
+ ~~~~~~~~~~~~~~~~~~~~~~~~~~~~~~~~~~~~~~~~~~~~~~~~~~~~
~~~~~~~~~~~~~~~~~
    + CategoryInfo          : NotSpecified: (Error oc 
   curred ...prerender-error:String) [], RemoteExcep  
  tion
    + FullyQualifiedErrorId : NativeCommandError
 
ReferenceError: Sheet is not defined
    at M (D:\sumegha_handmades\Samar_Design_Static\.ne
xt\server\chunks\8.js:1:20911) {
  digest: '126333949'
}
Export encountered an error on 
/(site)/blog/[id]/page: /blog/2, exiting the build.
 Γ¿» Next.js build worker exited with code: 1 and 
signal: null
